// Jest Snapshot v1, https://goo.gl/fbAQLP

exports[`<GoalTracker /> renders correctly 1`] = `
<View
  direction="row"
  style={
    Array [
      Object {
        "alignItems": "center",
        "display": "flex",
        "flexDirection": "row",
        "justifyContent": "space-evenly",
        "paddingBottom": 5,
        "paddingLeft": 5,
        "paddingRight": 5,
        "paddingTop": 5,
        "width": "auto",
      },
    ]
  }
>
  <View
    style={
      Array [
        Object {
          "alignItems": "center",
          "display": "flex",
          "flexDirection": "column",
          "justifyContent": "space-evenly",
          "paddingBottom": 5,
          "paddingLeft": 5,
          "paddingRight": 5,
          "paddingTop": 5,
          "width": "auto",
        },
        Object {
          "paddingRight": 30,
        },
      ]
    }
  >
    <Text
      style={
        Array [
          Object {
            "color": "white",
            "fontSize": 80,
            "fontWeight": "700",
          },
        ]
      }
    >
      3
    </Text>
    <Text
      colour="black"
      style={
        Array [
          Object {
            "color": "white",
            "fontSize": 16,
            "paddingTop": 5,
            "textAlign": "center",
          },
          Object {
            "width": 80,
          },
        ]
      }
    >
      Weekly Goal
    </Text>
  </View>
  <View
    style={
      Array [
        Object {
          "alignItems": "center",
          "display": "flex",
          "flexDirection": "column",
          "justifyContent": "space-evenly",
          "paddingBottom": 5,
          "paddingLeft": 5,
          "paddingRight": 5,
          "paddingTop": 5,
          "width": "auto",
        },
        Object {
          "paddingLeft": 30,
        },
      ]
    }
  >
    <Text
      style={
        Array [
          Object {
            "color": "white",
            "fontSize": 80,
            "fontWeight": "700",
          },
        ]
      }
    >
      1
    </Text>
    <Text
      colour="black"
      style={
        Array [
          Object {
            "color": "white",
            "fontSize": 16,
            "paddingTop": 5,
            "textAlign": "center",
          },
          Object {
            "width": 100,
          },
        ]
      }
    >
      Completed Activities
    </Text>
  </View>
</View>
`;
